main.c:100:5:main	320	static,ignoring_inline_asm
main.c:216:13:MX_UART5_Init	8	static
main.c:249:13:MX_DMA_Init	16	static
main.c:267:13:MX_GPIO_Init	16	static
main.c:281:6:HAL_TIM_OC_DelayElapsedCallback	24	static
main.c:300:6:HAL_TIM_PeriodElapsedCallback	16	static
main.c:313:13:SendEnvironmentalData	320	static
main.c:455:13:InitTimers	40	static
main.c:497:13:Init_BlueNRG_Stack	392	static
main.c:623:13:Init_BlueNRG_Custom_Services	288	static
main.c:653:6:SystemClock_Config	240	static
main.c:719:6:HAL_Delay	24	static,ignoring_inline_asm
main.c:735:6:Error_Handler	4	static
