main.c:100:5:main	328	static,ignoring_inline_asm
main.c:219:13:MX_UART5_Init	8	static
main.c:252:13:MX_DMA_Init	16	static
main.c:270:13:MX_GPIO_Init	16	static
main.c:284:6:HAL_TIM_OC_DelayElapsedCallback	24	static
main.c:303:6:HAL_TIM_PeriodElapsedCallback	16	static
main.c:316:13:SendEnvironmentalData	320	static
main.c:458:13:InitTimers	40	static
main.c:500:13:Init_BlueNRG_Stack	392	static
main.c:626:13:Init_BlueNRG_Custom_Services	288	static
main.c:656:6:SystemClock_Config	240	static
main.c:722:6:HAL_Delay	24	static,ignoring_inline_asm
main.c:738:6:Error_Handler	4	static
