stm32l4xx_it.c:68:6:NMI_Handler	4	static
stm32l4xx_it.c:81:6:HardFault_Handler	4	static
stm32l4xx_it.c:99:6:MemManage_Handler	4	static
stm32l4xx_it.c:117:6:BusFault_Handler	4	static
stm32l4xx_it.c:135:6:UsageFault_Handler	4	static
stm32l4xx_it.c:153:6:SVC_Handler	4	static
stm32l4xx_it.c:166:6:DebugMon_Handler	4	static
stm32l4xx_it.c:179:6:PendSV_Handler	4	static
stm32l4xx_it.c:192:6:SysTick_Handler	8	static
stm32l4xx_it.c:214:6:DMA2_Channel2_IRQHandler	8	static
stm32l4xx_it.c:230:6:TIM1_CC_IRQHandler	8	static
stm32l4xx_it.c:238:6:EXTI9_5_IRQHandler	8	static
stm32l4xx_it.c:254:6:OTG_FS_IRQHandler	8	static
stm32l4xx_it.c:265:6:TIM3_IRQHandler	8	static
stm32l4xx_it.c:273:6:I2C3_EV_IRQHandler	8	static
stm32l4xx_it.c:287:6:I2C3_ER_IRQHandler	8	static
